Microchip MPLAB XC8 Compiler V1.31 ()

Linker command line:

--edf=C:\Program Files\Microchip\xc8\v1.31\dat\en_msgs.txt -cs \
  -h+LED_Matrix.sym --cmf=LED_Matrix.cmf -z -Q18F4550 \
  -oC:\Users\Sharma\AppData\Local\Temp\s46g.6 -MLED_Matrix.map -E1 -ver=XC8 \
  -ASTACK=03C8h-07ffh -pstack=STACK -ACODE=00h-07FFFh -ACONST=00h-07FFFh \
  -ASMALLCONST=0800h-08FFhx120 -AMEDIUMCONST=0800h-07FFFh -ACOMRAM=01h-05Fh \
  -AABS1=00h-07FFh -ABIGRAM=01h-07FFh -ARAM=060h-0FFh,0100h-01FFhx7 \
  -ABANK0=060h-0FFh -ABANK1=0100h-01FFh -ABANK2=0200h-02FFh \
  -ABANK3=0300h-03FFh -ABANK4=0400h-04FFh -ABANK5=0500h-05FFh \
  -ABANK6=0600h-06FFh -ABANK7=0700h-07FFh -ASFR=0F60h-0FFFh \
  -preset_vec=00h,intcode,intcodelo=018h,powerup,init,end_init \
  -pramtop=0800h -psmallconst=SMALLCONST -pmediumconst=MEDIUMCONST \
  -pconst=CONST -AFARRAM=00h-00h -ACONFIG=0300000h-030000Dh -pconfig=CONFIG \
  -AIDLOC=0200000h-0200007h -pidloc=IDLOC -AEEDATA=0F00000h-0F000FFh \
  -peeprom_data=EEDATA \
  -prdata=COMRAM,nvrram=COMRAM,nvbit=COMRAM,rbss=COMRAM,rbit=COMRAM \
  -pfarbss=FARRAM,fardata=FARRAM,nvFARRAM=FARRAM \
  -pintsave_regs=BIGRAM,bigbss=BIGRAM,bigdata=BIGRAM -pbss=RAM \
  -pidata=CODE,irdata=CODE,ibigdata=CODE,ifardata=CODE startup.obj \
  LED_Matrix.obj 

Object code version is 3.11

Machine type is 18F4550

Call graph: (short form)




                Name                               Link     Load   Length Selector   Space Scale
startup.obj     end_init                            14C      14C        4        C       0
                reset_vec                             0        0        4        0       0
                config                           300000   300000        E   300000       0
LED_Matrix.obj  intcodelo                            18       18      134        C       0
                mediumconst                        79C6     79C6      63A     3CE3       0
                text14                             1A30     1A30        E        C       0
                text13                             1A02     1A02       12        C       0
                text12                             1A4A     1A4A        C        C       0
                text11                             19A0     19A0       34        C       0
                text9                              1A22     1A22        E        C       0
                text8                              1882     1882       72        C       0
                text7                              19D4     19D4       1C        C       0
                text6                              1A14     1A14        E        C       0
                text5                              19F0     19F0       12        C       0
                text4                              1A3E     1A3E        C        C       0
                text3                              196C     196C       34        C       0
                text2                              17D2     17D2       B0        C       0
                text1                              1932     1932       3A        C       0
                text0                               150      150     1682        C       0
                cstackCOMRAM                          1        1       24        1       1
                cstackBANK1                         100      100       D4      100       1
                bssBANK3                            300      300       C8      300       1
                bssBANK2                            200      200       C8      200       1
                bssBANK1                            1D4      1D4        3      100       1
                bssBANK0                             60       60       40       60       1
                bssCOMRAM                            25       25        4        1       1
                cinit                              18F4     18F4       3E        C       0

TOTAL           Name                               Link     Load   Length     Space
        CLASS   STACK          

        CLASS   CODE           
                end_init                            14C      14C        4         0
                intcodelo                            18       18      134         0
                reset_vec                             0        0        4         0
                text14                             1A30     1A30        E         0
                text13                             1A02     1A02       12         0
                text12                             1A4A     1A4A        C         0
                text11                             19A0     19A0       34         0
                text9                              1A22     1A22        E         0
                text8                              1882     1882       72         0
                text7                              19D4     19D4       1C         0
                text6                              1A14     1A14        E         0
                text5                              19F0     19F0       12         0
                text4                              1A3E     1A3E        C         0
                text3                              196C     196C       34         0
                text2                              17D2     17D2       B0         0
                text1                              1932     1932       3A         0
                text0                               150      150     1682         0
                cinit                              18F4     18F4       3E         0

        CLASS   CONST          

        CLASS   SMALLCONST     

        CLASS   MEDIUMCONST    
                mediumconst                        79C6     79C6      63A         0

        CLASS   COMRAM         
                cstackCOMRAM                          1        1       24         1
                bssCOMRAM                            25       25        4         1

        CLASS   ABS1           

        CLASS   BIGRAM         

        CLASS   RAM            

        CLASS   BANK0          
                bssBANK0                             60       60       40         1

        CLASS   BANK1          
                cstackBANK1                         100      100       D4         1
                bssBANK1                            1D4      1D4        3         1

        CLASS   BANK2          
                bssBANK2                            200      200       C8         1

        CLASS   BANK3          
                bssBANK3                            300      300       C8         1

        CLASS   BANK4          

        CLASS   BANK5          

        CLASS   BANK6          

        CLASS   BANK7          

        CLASS   SFR            

        CLASS   FARRAM         

        CLASS   CONFIG         
                config                           300000   300000        E         0

        CLASS   IDLOC          

        CLASS   EEDATA         



SEGMENTS        Name                           Load    Length   Top    Selector   Space  Class

                reset_vec                      000000  000004  000004         0       0  CODE    
                cstackCOMRAM                   000001  000028  000029         1       1  COMRAM  
                intcodelo                      000018  001A3E  001A56         C       0  CODE    
                bssBANK0                       000060  000040  0000A0        60       1  BANK0   
                cstackBANK1                    000100  0000D7  0001D7       100       1  BANK1   
                bssBANK2                       000200  0000C8  0002C8       200       1  BANK2   
                bssBANK3                       000300  0000C8  0003C8       300       1  BANK3   
                mediumconst                    0079C6  00063A  008000      3CE3       0  MEDIUMCO
                config                         300000  00000E  30000E    300000       0  CONFIG  


UNUSED ADDRESS RANGES

        Name                Unused          Largest block    Delta
        BANK0            0000A0-0000FF               60
        BANK1            0001D7-0001FF               29
        BANK2            0002C8-0002FF               38
        BANK3            0003C8-0003FF               38
        BANK4            000400-0004FF              100
        BANK5            000500-0005FF              100
        BANK6            000600-0006FF              100
        BANK7            000700-0007FF              100
        BIGRAM           000029-00005F               37
                         0000A0-0000FF               60
                         0001D7-0001FF               29
                         0002C8-0002FF               38
                         0003C8-0007FF              438
        CODE             000004-000017               14
                         001A56-0079C5             5F70
        COMRAM           000029-00005F               37
        CONST            000004-000017               14
                         001A56-0079C5             5F70
        EEDATA           F00000-F000FF              100
        IDLOC            200000-200007                8
        MEDIUMCONST      001A56-0079C5             5F70
        RAM              0000A0-0000FF               60
                         0001D7-0001FF               29
                         0002C8-0002FF               38
                         0003C8-0007FF              100
        SFR              000F60-000FFF               A0
        SMALLCONST       001A56-0079C5              100
        STACK            0003C8-0007FF              438

                                  Symbol Table

?___awdiv                        cstackCOMRAM 000016
?_strlen                         cstackCOMRAM 000016
ShiftRegisterWrite@Flag          cstackCOMRAM 000019
ShiftRegisterWrite@Mask          cstackCOMRAM 00001A
ShiftRegisterWrite@Row           cstackCOMRAM 000018
ShiftRegisterWrite@i             cstackCOMRAM 00001B
ShiftRegisterWrite@num           cstackCOMRAM 00001C
UART_Write@data                  cstackCOMRAM 000016
UART_Write_Text@msg              cstackCOMRAM 000017
_BAUDCONbits                     (abs)        000FB8
_CharData                        mediumconst  0079C7
_Correct_UART_Errors             text6        001A14
_DisplayBuffer                   bssBANK0     000060
_HeaderDetected                  bssCOMRAM    000025
_INTCONbits                      (abs)        000FF2
_Interrupt_Handler_High          intcodelo    000018
_LATCbits                        (abs)        000F8B
_LATD                            (abs)        000F8C
_PIE1bits                        (abs)        000F9D
_PIR1bits                        (abs)        000F9E
_PacketLength                    bssCOMRAM    000026
_PacketValidity                  bssBANK1     0001D4
_RCREG                           (abs)        000FAE
_RCSTAbits                       (abs)        000FAB
_RequestType                     bssBANK1     0001D5
_SPBRG                           (abs)        000FAF
_SerialCharacter                 bssCOMRAM    000027
_SerialData                      bssBANK2     000200
_SerialDataIndex                 bssCOMRAM    000028
_ShiftRegisterInit               text9        001A22
_ShiftRegisterWrite              text8        001882
_ShiftSpeed                      bssBANK1     0001D6
_TRISCbits                       (abs)        000F94
_TRISD                           (abs)        000F95
_TXREG                           (abs)        000FAD
_TXSTA                           (abs)        000FAC
_TXSTAbits                       (abs)        000FAC
_UART_Init                       text7        0019D4
_UART_Write                      text5        0019F0
_UART_Write_Busy                 text4        001A3E
_UART_Write_Text                 text3        00196C
__CFG_BOR$OFF                    (abs)        000000
__CFG_BORV$3                     (abs)        000000
__CFG_CCP2MX$ON                  (abs)        000000
__CFG_CP0$OFF                    (abs)        000000
__CFG_CP1$OFF                    (abs)        000000
__CFG_CP2$OFF                    (abs)        000000
__CFG_CP3$OFF                    (abs)        000000
__CFG_CPB$OFF                    (abs)        000000
__CFG_CPD$OFF                    (abs)        000000
__CFG_CPUDIV$OSC1_PLL2           (abs)        000000
__CFG_EBTR0$OFF                  (abs)        000000
__CFG_EBTR1$OFF                  (abs)        000000
__CFG_EBTR2$OFF                  (abs)        000000
__CFG_EBTR3$OFF                  (abs)        000000
__CFG_EBTRB$OFF                  (abs)        000000
__CFG_FCMEN$OFF                  (abs)        000000
__CFG_FOSC$HSPLL_HS              (abs)        000000
__CFG_ICPRT$OFF                  (abs)        000000
__CFG_IESO$OFF                   (abs)        000000
__CFG_LPT1OSC$OFF                (abs)        000000
__CFG_LVP$ON                     (abs)        000000
__CFG_MCLRE$ON                   (abs)        000000
__CFG_PBADEN$OFF                 (abs)        000000
__CFG_PLLDIV$5                   (abs)        000000
__CFG_PWRT$OFF                   (abs)        000000
__CFG_STVREN$ON                  (abs)        000000
__CFG_USBDIV$2                   (abs)        000000
__CFG_VREGEN$OFF                 (abs)        000000
__CFG_WDT$OFF                    (abs)        000000
__CFG_WDTPS$32768                (abs)        000000
__CFG_WRT0$OFF                   (abs)        000000
__CFG_WRT1$OFF                   (abs)        000000
__CFG_WRT2$OFF                   (abs)        000000
__CFG_WRT3$OFF                   (abs)        000000
__CFG_WRTB$OFF                   (abs)        000000
__CFG_WRTC$OFF                   (abs)        000000
__CFG_WRTD$OFF                   (abs)        000000
__CFG_XINST$OFF                  (abs)        000000
__HRAM                           (abs)        000000
__Habs1                          abs1         000000
__Hbank0                         bank0        000000
__Hbank1                         bank1        000000
__Hbank2                         bank2        000000
__Hbank3                         bank3        000000
__Hbank4                         bank4        000000
__Hbank5                         bank5        000000
__Hbank6                         bank6        000000
__Hbank7                         bank7        000000
__Hbigbss                        bigbss       000000
__Hbigdata                       bigdata      000000
__Hbigram                        bigram       000000
__Hbss                           bss          000000
__HbssBANK0                      bssBANK0     000000
__HbssBANK1                      bssBANK1     000000
__HbssBANK2                      bssBANK2     000000
__HbssBANK3                      bssBANK3     000000
__HbssCOMRAM                     bssCOMRAM    000000
__Hcinit                         cinit        000000
__Hclrtext                       clrtext      000000
__Hcomram                        comram       000000
__Hconfig                        config       30000E
__Hconst                         const        000000
__HcstackBANK1                   cstackBANK1  000000
__HcstackCOMRAM                  cstackCOMRAM 000000
__Hdata                          data         000000
__Heeprom_data                   eeprom_data  000000
__Hend_init                      end_init     000150
__Hfarbss                        farbss       000000
__Hfardata                       fardata      000000
__Hibigdata                      ibigdata     000000
__Hidata                         idata        000000
__Hidloc                         idloc        000000
__Hifardata                      ifardata     000000
__Hinit                          init         00014C
__Hintcode                       intcode      000004
__Hintcode_body                  intcode_body 000000
__Hintcodelo                     intcodelo    00014C
__Hintentry                      intentry     000000
__Hintret                        intret       000000
__Hintsave_regs                  intsave_regs 000000
__Hirdata                        irdata       000000
__Hmediumconst                   mediumconst  008000
__HnvFARRAM                      nvFARRAM     000000
__Hnvbit                         nvbit        000000
__Hnvrram                        nvrram       000000
__Hparam                         rparam       000000
__Hpowerup                       powerup      00014C
__Hram                           ram          000000
__Hramtop                        ramtop       000800
__Hrbit                          rbit         000000
__Hrbss                          rbss         000000
__Hrdata                         rdata        000000
__Hreset_vec                     reset_vec    000004
__Hrparam                        rparam       000000
__Hsfr                           sfr          000000
__Hsmallconst                    smallconst   000000
__Hstack                         stack        000000
__Hstruct                        struct       000000
__Htemp                          temp         000000
__Htext                          text         000000
__Htext0                         text0        000000
__Htext1                         text1        000000
__Htext11                        text11       000000
__Htext12                        text12       000000
__Htext13                        text13       000000
__Htext14                        text14       000000
__Htext2                         text2        000000
__Htext3                         text3        000000
__Htext4                         text4        000000
__Htext5                         text5        000000
__Htext6                         text6        000000
__Htext7                         text7        000000
__Htext8                         text8        000000
__Htext9                         text9        000000
__LRAM                           (abs)        000001
__Labs1                          abs1         000000
__Lbank0                         bank0        000000
__Lbank1                         bank1        000000
__Lbank2                         bank2        000000
__Lbank3                         bank3        000000
__Lbank4                         bank4        000000
__Lbank5                         bank5        000000
__Lbank6                         bank6        000000
__Lbank7                         bank7        000000
__Lbigbss                        bigbss       000000
__Lbigdata                       bigdata      000000
__Lbigram                        bigram       000000
__Lbss                           bss          000000
__LbssBANK0                      bssBANK0     000000
__LbssBANK1                      bssBANK1     000000
__LbssBANK2                      bssBANK2     000000
__LbssBANK3                      bssBANK3     000000
__LbssCOMRAM                     bssCOMRAM    000000
__Lcinit                         cinit        000000
__Lclrtext                       clrtext      000000
__Lcomram                        comram       000000
__Lconfig                        config       300000
__Lconst                         const        000000
__LcstackBANK1                   cstackBANK1  000000
__LcstackCOMRAM                  cstackCOMRAM 000000
__Ldata                          data         000000
__Leeprom_data                   eeprom_data  000000
__Lend_init                      end_init     00014C
__Lfarbss                        farbss       000000
__Lfardata                       fardata      000000
__Libigdata                      ibigdata     000000
__Lidata                         idata        000000
__Lidloc                         idloc        000000
__Lifardata                      ifardata     000000
__Linit                          init         00014C
__Lintcode                       intcode      000004
__Lintcode_body                  intcode_body 000000
__Lintcodelo                     intcodelo    000018
__Lintentry                      intentry     000000
__Lintret                        intret       000000
__Lintsave_regs                  intsave_regs 000000
__Lirdata                        irdata       000000
__Lmediumconst                   mediumconst  0079C6
__LnvFARRAM                      nvFARRAM     000000
__Lnvbit                         nvbit        000000
__Lnvrram                        nvrram       000000
__Lparam                         rparam       000000
__Lpowerup                       powerup      00014C
__Lram                           ram          000000
__Lramtop                        ramtop       000800
__Lrbit                          rbit         000000
__Lrbss                          rbss         000000
__Lrdata                         rdata        000000
__Lreset_vec                     reset_vec    000000
__Lrparam                        rparam       000000
__Lsfr                           sfr          000000
__Lsmallconst                    smallconst   000000
__Lstack                         stack        000000
__Lstruct                        struct       000000
__Ltemp                          temp         000000
__Ltext                          text         000000
__Ltext0                         text0        000000
__Ltext1                         text1        000000
__Ltext11                        text11       000000
__Ltext12                        text12       000000
__Ltext13                        text13       000000
__Ltext14                        text14       000000
__Ltext2                         text2        000000
__Ltext3                         text3        000000
__Ltext4                         text4        000000
__Ltext5                         text5        000000
__Ltext6                         text6        000000
__Ltext7                         text7        000000
__Ltext8                         text8        000000
__Ltext9                         text9        000000
__S0                             (abs)        30000E
__S1                             (abs)        0003C8
__S2                             (abs)        000000
___awdiv                         text2        0017D2
___awdiv@counter                 cstackCOMRAM 00001B
___awdiv@dividend                cstackCOMRAM 000016
___awdiv@divisor                 cstackCOMRAM 000018
___awdiv@quotient                cstackCOMRAM 00001D
___awdiv@sign                    cstackCOMRAM 00001C
___inthi_sp                      stack        000000
___intlo_sp                      stack        000000
___sp                            stack        000000
__accesstop                      (abs)        000060
__activetblptr                   (abs)        000002
__end_of_CharData                mediumconst  007FB7
__end_of_Correct_UART_Errors     text6        001A22
__end_of_Interrupt_Handler_High  intcodelo    00014C
__end_of_ShiftRegisterInit       text9        001A30
__end_of_ShiftRegisterWrite      text8        0018F4
__end_of_UART_Init               text7        0019F0
__end_of_UART_Write              text5        001A02
__end_of_UART_Write_Busy         text4        001A4A
__end_of_UART_Write_Text         text3        0019A0
__end_of___awdiv                 text2        001882
__end_of__initialization         cinit        001928
__end_of__stringdata             mediumconst  007FFF
__end_of_main                    text0        0017D2
__end_of_strlen                  text1        00196C
__end_ofi1_Correct_UART_Errors   text14       001A3E
__end_ofi1_UART_Write            text13       001A14
__end_ofi1_UART_Write_Busy       text12       001A56
__end_ofi1_UART_Write_Text       text11       0019D4
__initialization                 cinit        0018F4
__mediumconst                    mediumconst  0079C6
__pbssBANK0                      bssBANK0     000060
__pbssBANK1                      bssBANK1     0001D4
__pbssBANK2                      bssBANK2     000200
__pbssBANK3                      bssBANK3     000300
__pbssCOMRAM                     bssCOMRAM    000025
__pcinit                         cinit        0018F4
__pcstackBANK1                   cstackBANK1  000100
__pcstackCOMRAM                  cstackCOMRAM 000001
__pintcodelo                     intcodelo    000018
__pmediumconst                   mediumconst  0079C6
__ptext0                         text0        000150
__ptext1                         text1        001932
__ptext11                        text11       0019A0
__ptext12                        text12       001A4A
__ptext13                        text13       001A02
__ptext14                        text14       001A30
__ptext2                         text2        0017D2
__ptext3                         text3        00196C
__ptext4                         text4        001A3E
__ptext5                         text5        0019F0
__ptext6                         text6        001A14
__ptext7                         text7        0019D4
__ptext8                         text8        001882
__ptext9                         text9        001A22
__ramtop                         ramtop       000800
__size_of_Correct_UART_Errors    (abs)        000000
__size_of_Interrupt_Handler_High (abs)        000000
__size_of_ShiftRegisterInit      (abs)        000000
__size_of_ShiftRegisterWrite     (abs)        000000
__size_of_UART_Init              (abs)        000000
__size_of_UART_Write             (abs)        000000
__size_of_UART_Write_Busy        (abs)        000000
__size_of_UART_Write_Text        (abs)        000000
__size_of___awdiv                (abs)        000000
__size_of_main                   (abs)        000000
__size_of_strlen                 (abs)        000000
__size_ofi1_Correct_UART_Errors  (abs)        000000
__size_ofi1_UART_Write           (abs)        000000
__size_ofi1_UART_Write_Busy      (abs)        000000
__size_ofi1_UART_Write_Text      (abs)        000000
__smallconst                     smallconst   000000
__stringdata                     mediumconst  007FB7
_main                            text0        000150
_strlen                          text1        001932
end_of_initialization            cinit        001928
i1UART_Write@data                cstackCOMRAM 000001
i1UART_Write_Text@msg            cstackCOMRAM 000002
i1_Correct_UART_Errors           text14       001A30
i1_UART_Write                    text13       001A02
i1_UART_Write_Busy               text12       001A4A
i1_UART_Write_Text               text11       0019A0
intlevel0                        text         000000
intlevel1                        text         000000
intlevel2                        text         000000
intlevel3                        text         000000
main@Column                      cstackBANK1  0001CA
main@DisplayType                 cstackBANK1  0001C9
main@F5388                       bssBANK3     000300
main@Message                     cstackBANK1  000100
main@Repeat                      cstackBANK1  0001C8
main@i                           cstackBANK1  0001D0
main@index                       cstackBANK1  0001CD
main@length                      cstackBANK1  0001CB
main@num                         cstackBANK1  0001CE
main@row                         cstackBANK1  0001D3
main@scroll                      cstackBANK1  0001CC
main@shift_step                  cstackBANK1  0001D2
main@temp                        cstackBANK1  0001CF
stackhi                          (abs)        0007FF
stacklo                          (abs)        0003C8
start                            init         00014C
start_initialization             cinit        0018F4
strlen@cp                        cstackCOMRAM 00001A
strlen@s                         cstackCOMRAM 000016


FUNCTION INFORMATION:

 *************** function _main *****************
 Defined at:
		line 82 in file "D:\LED Matrix\Micro-Controller Code\mainv0.4.c"
 Parameters:    Size  Location     Type
		None
 Auto vars:     Size  Location     Type
  Message       200    0[BANK1 ] unsigned char [200]
  i               2  208[BANK1 ] unsigned int 
  row             1  211[BANK1 ] unsigned char 
  shift_step      1  210[BANK1 ] unsigned char 
  temp            1  207[BANK1 ] unsigned char 
  num             1  206[BANK1 ] unsigned char 
  index           1  205[BANK1 ] unsigned char 
  scroll          1  204[BANK1 ] unsigned char 
  length          1  203[BANK1 ] unsigned char 
  Column          1  202[BANK1 ] unsigned char 
  DisplayType     1  201[BANK1 ] unsigned char 
  Repeat          1  200[BANK1 ] unsigned char 
 Return value:  Size  Location     Type
		None               void
 Registers used:
		wreg, fsr1l, fsr1h, fsr2l, fsr2h, status,2, status,0, tblptrl, tblptrh, tblptru, prodl, prodh, cstack
 Tracked objects:
		On entry : 
		On exit  : 
		Unchanged: 
 Data sizes:     COMRAM   BANK0   BANK1   BANK2   BANK3   BANK4   BANK5   BANK6   BANK7
      Params:         0       0       0       0       0       0       0       0       0
      Locals:         0       0     212       0       0       0       0       0       0
      Temps:          6       0       0       0       0       0       0       0       0
      Totals:         6       0     212       0       0       0       0       0       0
Total ram usage:      218 bytes
 Hardware stack levels required when called:    7
 This function calls:
		_ShiftRegisterInit
		_ShiftRegisterWrite
		_UART_Init
		_UART_Write_Text
		___awdiv
		_strlen
 This function is called by:
		Startup code after reset
 This function uses a non-reentrant model


 *************** function _strlen *****************
 Defined at:
		line 4 in file "C:\Program Files\Microchip\xc8\v1.31\sources\common\strlen.c"
 Parameters:    Size  Location     Type
  s               2   21[COMRAM] PTR const unsigned char 
		 -> main@Message(200), 
 Auto vars:     Size  Location     Type
  cp              2   25[COMRAM] PTR const unsigned char 
		 -> main@Message(200), 
 Return value:  Size  Location     Type
                  2   21[COMRAM] unsigned int 
 Registers used:
		wreg, fsr2l, fsr2h, status,2, status,0
 Tracked objects:
		On entry : 
		On exit  : 
		Unchanged: 
 Data sizes:     COMRAM   BANK0   BANK1   BANK2   BANK3   BANK4   BANK5   BANK6   BANK7
      Params:         2       0       0       0       0       0       0       0       0
      Locals:         2       0       0       0       0       0       0       0       0
      Temps:          2       0       0       0       0       0       0       0       0
      Totals:         6       0       0       0       0       0       0       0       0
Total ram usage:        6 bytes
 Hardware stack levels used:    1
 Hardware stack levels required when called:    4
 This function calls:
		Nothing
 This function is called by:
		_main
 This function uses a non-reentrant model


 *************** function ___awdiv *****************
 Defined at:
		line 8 in file "C:\Program Files\Microchip\xc8\v1.31\sources\common\awdiv.c"
 Parameters:    Size  Location     Type
  dividend        2   21[COMRAM] int 
  divisor         2   23[COMRAM] int 
 Auto vars:     Size  Location     Type
  quotient        2   28[COMRAM] int 
  sign            1   27[COMRAM] unsigned char 
  counter         1   26[COMRAM] unsigned char 
 Return value:  Size  Location     Type
                  2   21[COMRAM] int 
 Registers used:
		wreg, status,2, status,0, prodl
 Tracked objects:
		On entry : 
		On exit  : 
		Unchanged: 
 Data sizes:     COMRAM   BANK0   BANK1   BANK2   BANK3   BANK4   BANK5   BANK6   BANK7
      Params:         4       0       0       0       0       0       0       0       0
      Locals:         4       0       0       0       0       0       0       0       0
      Temps:          1       0       0       0       0       0       0       0       0
      Totals:         9       0       0       0       0       0       0       0       0
Total ram usage:        9 bytes
 Hardware stack levels used:    1
 Hardware stack levels required when called:    4
 This function calls:
		Nothing
 This function is called by:
		_main
 This function uses a non-reentrant model


 *************** function _UART_Write_Text *****************
 Defined at:
		line 25 in file "D:\LED Matrix\Micro-Controller Code\UART.c"
 Parameters:    Size  Location     Type
  msg             2   22[COMRAM] PTR unsigned char 
		 -> STR_3(51), STR_2(13), STR_1(8), 
 Auto vars:     Size  Location     Type
		None
 Return value:  Size  Location     Type
		None               void
 Registers used:
		wreg, status,2, status,0, tblptrl, tblptrh, tblptru, cstack
 Tracked objects:
		On entry : 
		On exit  : 
		Unchanged: 
 Data sizes:     COMRAM   BANK0   BANK1   BANK2   BANK3   BANK4   BANK5   BANK6   BANK7
      Params:         2       0       0       0       0       0       0       0       0
      Locals:         0       0       0       0       0       0       0       0       0
      Temps:          0       0       0       0       0       0       0       0       0
      Totals:         2       0       0       0       0       0       0       0       0
Total ram usage:        2 bytes
 Hardware stack levels used:    1
 Hardware stack levels required when called:    6
 This function calls:
		_UART_Write
		_UART_Write_Busy
 This function is called by:
		_main
 This function uses a non-reentrant model


 *************** function _UART_Write_Busy *****************
 Defined at:
		line 46 in file "D:\LED Matrix\Micro-Controller Code\UART.c"
 Parameters:    Size  Location     Type
		None
 Auto vars:     Size  Location     Type
		None
 Return value:  Size  Location     Type
                  1    wreg      unsigned char 
 Registers used:
		wreg
 Tracked objects:
		On entry : 
		On exit  : 
		Unchanged: 
 Data sizes:     COMRAM   BANK0   BANK1   BANK2   BANK3   BANK4   BANK5   BANK6   BANK7
      Params:         0       0       0       0       0       0       0       0       0
      Locals:         0       0       0       0       0       0       0       0       0
      Temps:          0       0       0       0       0       0       0       0       0
      Totals:         0       0       0       0       0       0       0       0       0
Total ram usage:        0 bytes
 Hardware stack levels used:    1
 Hardware stack levels required when called:    4
 This function calls:
		Nothing
 This function is called by:
		_UART_Write_Text
 This function uses a non-reentrant model


 *************** function _UART_Write *****************
 Defined at:
		line 19 in file "D:\LED Matrix\Micro-Controller Code\UART.c"
 Parameters:    Size  Location     Type
  data            1    wreg     unsigned char 
 Auto vars:     Size  Location     Type
  data            1   21[COMRAM] unsigned char 
 Return value:  Size  Location     Type
		None               void
 Registers used:
		wreg, cstack
 Tracked objects:
		On entry : 
		On exit  : 
		Unchanged: 
 Data sizes:     COMRAM   BANK0   BANK1   BANK2   BANK3   BANK4   BANK5   BANK6   BANK7
      Params:         0       0       0       0       0       0       0       0       0
      Locals:         1       0       0       0       0       0       0       0       0
      Temps:          0       0       0       0       0       0       0       0       0
      Totals:         1       0       0       0       0       0       0       0       0
Total ram usage:        1 bytes
 Hardware stack levels used:    1
 Hardware stack levels required when called:    5
 This function calls:
		_Correct_UART_Errors
 This function is called by:
		_UART_Write_Text
 This function uses a non-reentrant model


 *************** function _Correct_UART_Errors *****************
 Defined at:
		line 50 in file "D:\LED Matrix\Micro-Controller Code\UART.c"
 Parameters:    Size  Location     Type
		None
 Auto vars:     Size  Location     Type
		None
 Return value:  Size  Location     Type
		None               void
 Registers used:
		None
 Tracked objects:
		On entry : 
		On exit  : 
		Unchanged: 
 Data sizes:     COMRAM   BANK0   BANK1   BANK2   BANK3   BANK4   BANK5   BANK6   BANK7
      Params:         0       0       0       0       0       0       0       0       0
      Locals:         0       0       0       0       0       0       0       0       0
      Temps:          0       0       0       0       0       0       0       0       0
      Totals:         0       0       0       0       0       0       0       0       0
Total ram usage:        0 bytes
 Hardware stack levels used:    1
 Hardware stack levels required when called:    4
 This function calls:
		Nothing
 This function is called by:
		_UART_Write
 This function uses a non-reentrant model


 *************** function _UART_Init *****************
 Defined at:
		line 4 in file "D:\LED Matrix\Micro-Controller Code\UART.c"
 Parameters:    Size  Location     Type
		None
 Auto vars:     Size  Location     Type
		None
 Return value:  Size  Location     Type
		None               void
 Registers used:
		wreg, status,2
 Tracked objects:
		On entry : 
		On exit  : 
		Unchanged: 
 Data sizes:     COMRAM   BANK0   BANK1   BANK2   BANK3   BANK4   BANK5   BANK6   BANK7
      Params:         0       0       0       0       0       0       0       0       0
      Locals:         0       0       0       0       0       0       0       0       0
      Temps:          0       0       0       0       0       0       0       0       0
      Totals:         0       0       0       0       0       0       0       0       0
Total ram usage:        0 bytes
 Hardware stack levels used:    1
 Hardware stack levels required when called:    4
 This function calls:
		Nothing
 This function is called by:
		_main
 This function uses a non-reentrant model


 *************** function _ShiftRegisterWrite *****************
 Defined at:
		line 251 in file "D:\LED Matrix\Micro-Controller Code\mainv0.4.c"
 Parameters:    Size  Location     Type
  Row             1    wreg     unsigned char 
 Auto vars:     Size  Location     Type
  Row             1   23[COMRAM] unsigned char 
  num             1   27[COMRAM] unsigned char 
  i               1   26[COMRAM] unsigned char 
  Mask            1   25[COMRAM] unsigned char 
  Flag            1   24[COMRAM] unsigned char 
 Return value:  Size  Location     Type
		None               void
 Registers used:
		wreg, fsr2l, fsr2h, status,2, status,0, prodl, prodh
 Tracked objects:
		On entry : 
		On exit  : 
		Unchanged: 
 Data sizes:     COMRAM   BANK0   BANK1   BANK2   BANK3   BANK4   BANK5   BANK6   BANK7
      Params:         0       0       0       0       0       0       0       0       0
      Locals:         5       0       0       0       0       0       0       0       0
      Temps:          2       0       0       0       0       0       0       0       0
      Totals:         7       0       0       0       0       0       0       0       0
Total ram usage:        7 bytes
 Hardware stack levels used:    1
 Hardware stack levels required when called:    4
 This function calls:
		Nothing
 This function is called by:
		_main
 This function uses a non-reentrant model


 *************** function _ShiftRegisterInit *****************
 Defined at:
		line 242 in file "D:\LED Matrix\Micro-Controller Code\mainv0.4.c"
 Parameters:    Size  Location     Type
		None
 Auto vars:     Size  Location     Type
		None
 Return value:  Size  Location     Type
		None               void
 Registers used:
		None
 Tracked objects:
		On entry : 
		On exit  : 
		Unchanged: 
 Data sizes:     COMRAM   BANK0   BANK1   BANK2   BANK3   BANK4   BANK5   BANK6   BANK7
      Params:         0       0       0       0       0       0       0       0       0
      Locals:         0       0       0       0       0       0       0       0       0
      Temps:          0       0       0       0       0       0       0       0       0
      Totals:         0       0       0       0       0       0       0       0       0
Total ram usage:        0 bytes
 Hardware stack levels used:    1
 Hardware stack levels required when called:    4
 This function calls:
		Nothing
 This function is called by:
		_main
 This function uses a non-reentrant model


 *************** function _Interrupt_Handler_High *****************
 Defined at:
		line 41 in file "D:\LED Matrix\Micro-Controller Code\mainv0.4.c"
 Parameters:    Size  Location     Type
		None
 Auto vars:     Size  Location     Type
		None
 Return value:  Size  Location     Type
		None               void
 Registers used:
		wreg, fsr2l, fsr2h, status,2, status,0, tblptrl, tblptrh, tblptru, prodl, prodh, cstack
 Tracked objects:
		On entry : 
		On exit  : 
		Unchanged: 
 Data sizes:     COMRAM   BANK0   BANK1   BANK2   BANK3   BANK4   BANK5   BANK6   BANK7
      Params:         0       0       0       0       0       0       0       0       0
      Locals:         0       0       0       0       0       0       0       0       0
      Temps:         18       0       0       0       0       0       0       0       0
      Totals:        18       0       0       0       0       0       0       0       0
Total ram usage:       18 bytes
 Hardware stack levels used:    1
 Hardware stack levels required when called:    3
 This function calls:
		i1_UART_Write_Text
 This function is called by:
		Interrupt level 1
 This function uses a non-reentrant model


 *************** function i1_UART_Write_Text *****************
 Defined at:
		line 25 in file "D:\LED Matrix\Micro-Controller Code\UART.c"
 Parameters:    Size  Location     Type
  msg             2    1[COMRAM] PTR unsigned char 
		 -> STR_3(51), STR_2(13), STR_1(8), 
 Auto vars:     Size  Location     Type
		None
 Return value:  Size  Location     Type
		None               void
 Registers used:
		wreg, status,2, status,0, tblptrl, tblptrh, tblptru, cstack
 Tracked objects:
		On entry : 
		On exit  : 
		Unchanged: 
 Data sizes:     COMRAM   BANK0   BANK1   BANK2   BANK3   BANK4   BANK5   BANK6   BANK7
      Params:         2       0       0       0       0       0       0       0       0
      Locals:         0       0       0       0       0       0       0       0       0
      Temps:          0       0       0       0       0       0       0       0       0
      Totals:         2       0       0       0       0       0       0       0       0
Total ram usage:        2 bytes
 Hardware stack levels used:    1
 Hardware stack levels required when called:    2
 This function calls:
		i1_UART_Write
		i1_UART_Write_Busy
 This function is called by:
		_Interrupt_Handler_High
 This function uses a non-reentrant model


 *************** function i1_UART_Write_Busy *****************
 Defined at:
		line 46 in file "D:\LED Matrix\Micro-Controller Code\UART.c"
 Parameters:    Size  Location     Type
		None
 Auto vars:     Size  Location     Type
		None
 Return value:  Size  Location     Type
                  1    wreg      unsigned char 
 Registers used:
		wreg
 Tracked objects:
		On entry : 
		On exit  : 
		Unchanged: 
 Data sizes:     COMRAM   BANK0   BANK1   BANK2   BANK3   BANK4   BANK5   BANK6   BANK7
      Params:         0       0       0       0       0       0       0       0       0
      Locals:         0       0       0       0       0       0       0       0       0
      Temps:          0       0       0       0       0       0       0       0       0
      Totals:         0       0       0       0       0       0       0       0       0
Total ram usage:        0 bytes
 Hardware stack levels used:    1
 This function calls:
		Nothing
 This function is called by:
		i1_UART_Write_Text
 This function uses a non-reentrant model


 *************** function i1_UART_Write *****************
 Defined at:
		line 19 in file "D:\LED Matrix\Micro-Controller Code\UART.c"
 Parameters:    Size  Location     Type
  data            1    wreg     unsigned char 
 Auto vars:     Size  Location     Type
  data            1    0[COMRAM] unsigned char 
 Return value:  Size  Location     Type
		None               void
 Registers used:
		wreg, cstack
 Tracked objects:
		On entry : 
		On exit  : 
		Unchanged: 
 Data sizes:     COMRAM   BANK0   BANK1   BANK2   BANK3   BANK4   BANK5   BANK6   BANK7
      Params:         0       0       0       0       0       0       0       0       0
      Locals:         1       0       0       0       0       0       0       0       0
      Temps:          0       0       0       0       0       0       0       0       0
      Totals:         1       0       0       0       0       0       0       0       0
Total ram usage:        1 bytes
 Hardware stack levels used:    1
 Hardware stack levels required when called:    1
 This function calls:
		i1_Correct_UART_Errors
 This function is called by:
		i1_UART_Write_Text
 This function uses a non-reentrant model


 *************** function i1_Correct_UART_Errors *****************
 Defined at:
		line 50 in file "D:\LED Matrix\Micro-Controller Code\UART.c"
 Parameters:    Size  Location     Type
		None
 Auto vars:     Size  Location     Type
		None
 Return value:  Size  Location     Type
		None               void
 Registers used:
		None
 Tracked objects:
		On entry : 
		On exit  : 
		Unchanged: 
 Data sizes:     COMRAM   BANK0   BANK1   BANK2   BANK3   BANK4   BANK5   BANK6   BANK7
      Params:         0       0       0       0       0       0       0       0       0
      Locals:         0       0       0       0       0       0       0       0       0
      Temps:          0       0       0       0       0       0       0       0       0
      Totals:         0       0       0       0       0       0       0       0       0
Total ram usage:        0 bytes
 Hardware stack levels used:    1
 This function calls:
		Nothing
 This function is called by:
		i1_UART_Write
 This function uses a non-reentrant model



MODULE INFORMATION

Module		Function		Class		Link	Load	Size
C:\Program Files\Microchip\xc8\v1.31\sources\common\awdiv.c
		___awdiv       		CODE           	17D2	0000	176

C:\Program Files\Microchip\xc8\v1.31\sources\common\awdiv.c estimated size: 176

shared
		__stringdata   		MEDIUMCONST    	7FB7	0000	72
		i1_Correct_UART		CODE           	1A30	0000	14
		i1_UART_Write  		CODE           	1A02	0000	18
		__initializatio		CODE           	18F4	0000	52
		i1_UART_Write_T		CODE           	19A0	0000	52
		i1_UART_Write_B		CODE           	1A4A	0000	12
		_CharData      		MEDIUMCONST    	79C7	0000	1520

shared estimated size: 1740

D:\LED Matrix\Micro-Controller Code\mainv0.4.c
		_Interrupt_Hand		CODE           	0018	0000	308
		_main          		CODE           	0150	0000	5762
		_ShiftRegisterI		CODE           	1A22	0000	14
		_ShiftRegisterW		CODE           	1882	0000	114

D:\LED Matrix\Micro-Controller Code\mainv0.4.c estimated size: 6198

C:\Program Files\Microchip\xc8\v1.31\sources\common\strlen.c
		_strlen        		CODE           	1932	0000	58

C:\Program Files\Microchip\xc8\v1.31\sources\common\strlen.c estimated size: 58

D:\LED Matrix\Micro-Controller Code\UART.c
		_UART_Init     		CODE           	19D4	0000	28
		_UART_Write_Tex		CODE           	196C	0000	52
		_UART_Write_Bus		CODE           	1A3E	0000	12
		_Correct_UART_E		CODE           	1A14	0000	14
		_UART_Write    		CODE           	19F0	0000	18

D:\LED Matrix\Micro-Controller Code\UART.c estimated size: 124

